{
    "immut": {
        "time": 0,
        "payload": "Hello_World",
        "backs": [
            "0_DE42BBDC6A347195D5C80F8C98B3246F53ADF316152DB36950572B75F49CA3AA"
        ]
    },
    "fronts": [
    ],
    "signature": "",
    "hash": "1_32C894E279BBDE655DDC5E01DF7BD59DFE7E400AAAEBA480A227D85D749CC885",
    "height": 1
}
