{
    "hashable": {
        "time": 0,
        "like": null,
        "encoding": "utf8",
        "encrypted": false,
        "payload": "Hello_World",
        "refs": [
        ],
        "backs": [
            "0_E7FCC59344F7F6D23A62DCF947EE764E5149290D0D99C31BC33FD7E05BAD71D3"
        ]
    },
    "fronts": [
    ],
    "signature": null,
    "hash": "1_9EAD2D0A15871A87496F111C493F185290EDAF82AD5829CDFCD7E7E6A1F5F00A",
    "height": 1
}
