{
    "immut": {
        "time": 0,
        "pay": {
            "crypt": false,
            "hash": ""
        },
        "prev": null,
        "like": null,
        "backs": [
        ]
    },
    "hash": "0_B5E21297B8EBEE0CFA0FA5AD30F21B8AE9AE9BBF25F2729989FE5A092B86B129",
    "sign": null,
    "fronts": [
        "1_BEF97216C4D9D11DB2FA60A007122FBA050083C39FED2DC50D19847E1C9D4D4C"
    ]
}
