{
    "time": 0,
    "nonce": 0,
    "payload": "",
    "backs": [
    ],
    "fronts": [
        "1_48F037FC75C8260D50841620523943A8E68B52BC0401CDBA30728FD6A1AD6E2D"
    ],
    "height": 0,
    "hash": "0_03170A2E7597B7B7E3D84C05391D139A62B157E78786D8C082F29DCF4C111314"
}
